SeqID	TaxID	sequence length	sequence
AM231422.1	372975	0	
AM231421.1	330314	0	
AM231420.1	330316	0	
AM231419.1	330315	0	
AM231418.1	372974	0	
AM231417.1	330313	0	
