MH518723.1  213955
MH518722.1  213955
MH518721.1  213955
